Archive member included to satisfy reference by file (symbol)

C:/D/Tools/ARM_dev_tools/arm-gnu-toolchain/bin/../lib/gcc/arm-none-eabi/13.2.1/thumb/v6-m/nofp\libc_nano.a(libc_a-exit.o)
                              C:/D/Tools/ARM_dev_tools/arm-gnu-toolchain/bin/../lib/gcc/arm-none-eabi/13.2.1/thumb/v6-m/nofp/crt0.o (exit)
C:/D/Tools/ARM_dev_tools/arm-gnu-toolchain/bin/../lib/gcc/arm-none-eabi/13.2.1/thumb/v6-m/nofp\libc_nano.a(libc_a-findfp.o)
                              C:/D/Tools/ARM_dev_tools/arm-gnu-toolchain/bin/../lib/gcc/arm-none-eabi/13.2.1/thumb/v6-m/nofp\libc_nano.a(libc_a-exit.o) (__stdio_exit_handler)
C:/D/Tools/ARM_dev_tools/arm-gnu-toolchain/bin/../lib/gcc/arm-none-eabi/13.2.1/thumb/v6-m/nofp\libc_nano.a(libc_a-fwalk.o)
                              C:/D/Tools/ARM_dev_tools/arm-gnu-toolchain/bin/../lib/gcc/arm-none-eabi/13.2.1/thumb/v6-m/nofp\libc_nano.a(libc_a-findfp.o) (_fwalk_sglue)
C:/D/Tools/ARM_dev_tools/arm-gnu-toolchain/bin/../lib/gcc/arm-none-eabi/13.2.1/thumb/v6-m/nofp\libc_nano.a(libc_a-stdio.o)
                              C:/D/Tools/ARM_dev_tools/arm-gnu-toolchain/bin/../lib/gcc/arm-none-eabi/13.2.1/thumb/v6-m/nofp\libc_nano.a(libc_a-findfp.o) (__sread)
C:/D/Tools/ARM_dev_tools/arm-gnu-toolchain/bin/../lib/gcc/arm-none-eabi/13.2.1/thumb/v6-m/nofp\libc_nano.a(libc_a-memset.o)
                              C:/D/Tools/ARM_dev_tools/arm-gnu-toolchain/bin/../lib/gcc/arm-none-eabi/13.2.1/thumb/v6-m/nofp/crt0.o (memset)
C:/D/Tools/ARM_dev_tools/arm-gnu-toolchain/bin/../lib/gcc/arm-none-eabi/13.2.1/thumb/v6-m/nofp\libc_nano.a(libc_a-closer.o)
                              C:/D/Tools/ARM_dev_tools/arm-gnu-toolchain/bin/../lib/gcc/arm-none-eabi/13.2.1/thumb/v6-m/nofp\libc_nano.a(libc_a-stdio.o) (_close_r)
C:/D/Tools/ARM_dev_tools/arm-gnu-toolchain/bin/../lib/gcc/arm-none-eabi/13.2.1/thumb/v6-m/nofp\libc_nano.a(libc_a-reent.o)
                              C:/D/Tools/ARM_dev_tools/arm-gnu-toolchain/bin/../lib/gcc/arm-none-eabi/13.2.1/thumb/v6-m/nofp\libc_nano.a(libc_a-closer.o) (errno)
C:/D/Tools/ARM_dev_tools/arm-gnu-toolchain/bin/../lib/gcc/arm-none-eabi/13.2.1/thumb/v6-m/nofp\libc_nano.a(libc_a-impure.o)
                              C:/D/Tools/ARM_dev_tools/arm-gnu-toolchain/bin/../lib/gcc/arm-none-eabi/13.2.1/thumb/v6-m/nofp\libc_nano.a(libc_a-reent.o) (_impure_ptr)
C:/D/Tools/ARM_dev_tools/arm-gnu-toolchain/bin/../lib/gcc/arm-none-eabi/13.2.1/thumb/v6-m/nofp\libc_nano.a(libc_a-lseekr.o)
                              C:/D/Tools/ARM_dev_tools/arm-gnu-toolchain/bin/../lib/gcc/arm-none-eabi/13.2.1/thumb/v6-m/nofp\libc_nano.a(libc_a-stdio.o) (_lseek_r)
C:/D/Tools/ARM_dev_tools/arm-gnu-toolchain/bin/../lib/gcc/arm-none-eabi/13.2.1/thumb/v6-m/nofp\libc_nano.a(libc_a-readr.o)
                              C:/D/Tools/ARM_dev_tools/arm-gnu-toolchain/bin/../lib/gcc/arm-none-eabi/13.2.1/thumb/v6-m/nofp\libc_nano.a(libc_a-stdio.o) (_read_r)
C:/D/Tools/ARM_dev_tools/arm-gnu-toolchain/bin/../lib/gcc/arm-none-eabi/13.2.1/thumb/v6-m/nofp\libc_nano.a(libc_a-writer.o)
                              C:/D/Tools/ARM_dev_tools/arm-gnu-toolchain/bin/../lib/gcc/arm-none-eabi/13.2.1/thumb/v6-m/nofp\libc_nano.a(libc_a-stdio.o) (_write_r)
C:/D/Tools/ARM_dev_tools/arm-gnu-toolchain/bin/../lib/gcc/arm-none-eabi/13.2.1/thumb/v6-m/nofp\libc_nano.a(libc_a-init.o)
                              C:/D/Tools/ARM_dev_tools/arm-gnu-toolchain/bin/../lib/gcc/arm-none-eabi/13.2.1/thumb/v6-m/nofp/crt0.o (__libc_init_array)
C:/D/Tools/ARM_dev_tools/arm-gnu-toolchain/bin/../lib/gcc/arm-none-eabi/13.2.1/thumb/v6-m/nofp\libc_nano.a(libc_a-lock.o)
                              C:/D/Tools/ARM_dev_tools/arm-gnu-toolchain/bin/../lib/gcc/arm-none-eabi/13.2.1/thumb/v6-m/nofp\libc_nano.a(libc_a-findfp.o) (__retarget_lock_init_recursive)
C:/D/Tools/ARM_dev_tools/arm-gnu-toolchain/bin/../lib/gcc/arm-none-eabi/13.2.1/thumb/v6-m/nofp\libc_nano.a(libc_a-freer.o)
                              C:/D/Tools/ARM_dev_tools/arm-gnu-toolchain/bin/../lib/gcc/arm-none-eabi/13.2.1/thumb/v6-m/nofp\libc_nano.a(libc_a-reent.o) (_free_r)
C:/D/Tools/ARM_dev_tools/arm-gnu-toolchain/bin/../lib/gcc/arm-none-eabi/13.2.1/thumb/v6-m/nofp\libc_nano.a(libc_a-mallocr.o)
                              C:/D/Tools/ARM_dev_tools/arm-gnu-toolchain/bin/../lib/gcc/arm-none-eabi/13.2.1/thumb/v6-m/nofp\libc_nano.a(libc_a-findfp.o) (_malloc_r)
C:/D/Tools/ARM_dev_tools/arm-gnu-toolchain/bin/../lib/gcc/arm-none-eabi/13.2.1/thumb/v6-m/nofp\libc_nano.a(libc_a-mlock.o)
                              C:/D/Tools/ARM_dev_tools/arm-gnu-toolchain/bin/../lib/gcc/arm-none-eabi/13.2.1/thumb/v6-m/nofp\libc_nano.a(libc_a-freer.o) (__malloc_lock)
C:/D/Tools/ARM_dev_tools/arm-gnu-toolchain/bin/../lib/gcc/arm-none-eabi/13.2.1/thumb/v6-m/nofp\libc_nano.a(libc_a-fflush.o)
                              C:/D/Tools/ARM_dev_tools/arm-gnu-toolchain/bin/../lib/gcc/arm-none-eabi/13.2.1/thumb/v6-m/nofp\libc_nano.a(libc_a-findfp.o) (_fflush_r)
C:/D/Tools/ARM_dev_tools/arm-gnu-toolchain/bin/../lib/gcc/arm-none-eabi/13.2.1/thumb/v6-m/nofp\libc_nano.a(libc_a-sbrkr.o)
                              C:/D/Tools/ARM_dev_tools/arm-gnu-toolchain/bin/../lib/gcc/arm-none-eabi/13.2.1/thumb/v6-m/nofp\libc_nano.a(libc_a-mallocr.o) (_sbrk_r)

Discarded input sections

 .text          0x00000000        0x0 C:/D/Tools/ARM_dev_tools/arm-gnu-toolchain/bin/../lib/gcc/arm-none-eabi/13.2.1/thumb/v6-m/nofp/crti.o
 .data          0x00000000        0x0 C:/D/Tools/ARM_dev_tools/arm-gnu-toolchain/bin/../lib/gcc/arm-none-eabi/13.2.1/thumb/v6-m/nofp/crti.o
 .bss           0x00000000        0x0 C:/D/Tools/ARM_dev_tools/arm-gnu-toolchain/bin/../lib/gcc/arm-none-eabi/13.2.1/thumb/v6-m/nofp/crti.o
 .text          0x00000000        0x0 C:/D/Tools/ARM_dev_tools/arm-gnu-toolchain/bin/../lib/gcc/arm-none-eabi/13.2.1/thumb/v6-m/nofp/crtbegin.o
 .data          0x00000000        0x0 C:/D/Tools/ARM_dev_tools/arm-gnu-toolchain/bin/../lib/gcc/arm-none-eabi/13.2.1/thumb/v6-m/nofp/crtbegin.o
 .bss           0x00000000        0x0 C:/D/Tools/ARM_dev_tools/arm-gnu-toolchain/bin/../lib/gcc/arm-none-eabi/13.2.1/thumb/v6-m/nofp/crtbegin.o
 .rodata.all_implied_fbits
                0x00000000       0x24 C:/D/Tools/ARM_dev_tools/arm-gnu-toolchain/bin/../lib/gcc/arm-none-eabi/13.2.1/thumb/v6-m/nofp/crtbegin.o
 .data.__dso_handle
                0x00000000        0x4 C:/D/Tools/ARM_dev_tools/arm-gnu-toolchain/bin/../lib/gcc/arm-none-eabi/13.2.1/thumb/v6-m/nofp/crtbegin.o
 .text          0x00000000       0x80 C:/D/Tools/ARM_dev_tools/arm-gnu-toolchain/bin/../lib/gcc/arm-none-eabi/13.2.1/thumb/v6-m/nofp/crt0.o
 .data          0x00000000        0x0 C:/D/Tools/ARM_dev_tools/arm-gnu-toolchain/bin/../lib/gcc/arm-none-eabi/13.2.1/thumb/v6-m/nofp/crt0.o
 .bss           0x00000000        0x0 C:/D/Tools/ARM_dev_tools/arm-gnu-toolchain/bin/../lib/gcc/arm-none-eabi/13.2.1/thumb/v6-m/nofp/crt0.o
 .ARM.extab     0x00000000        0x0 C:/D/Tools/ARM_dev_tools/arm-gnu-toolchain/bin/../lib/gcc/arm-none-eabi/13.2.1/thumb/v6-m/nofp/crt0.o
 .ARM.exidx     0x00000000       0x10 C:/D/Tools/ARM_dev_tools/arm-gnu-toolchain/bin/../lib/gcc/arm-none-eabi/13.2.1/thumb/v6-m/nofp/crt0.o
 .debug_line_str
                0x00000000       0xd2 C:/D/Tools/ARM_dev_tools/arm-gnu-toolchain/bin/../lib/gcc/arm-none-eabi/13.2.1/thumb/v6-m/nofp/crt0.o
 .ARM.attributes
                0x00000000       0x1b C:/D/Tools/ARM_dev_tools/arm-gnu-toolchain/bin/../lib/gcc/arm-none-eabi/13.2.1/thumb/v6-m/nofp/crt0.o
 .text          0x00000000        0x0 C:/D/Tools/ARM_dev_tools/arm-gnu-toolchain/bin/../lib/gcc/arm-none-eabi/13.2.1/thumb/v6-m/nofp\libc_nano.a(libc_a-exit.o)
 .data          0x00000000        0x0 C:/D/Tools/ARM_dev_tools/arm-gnu-toolchain/bin/../lib/gcc/arm-none-eabi/13.2.1/thumb/v6-m/nofp\libc_nano.a(libc_a-exit.o)
 .bss           0x00000000        0x0 C:/D/Tools/ARM_dev_tools/arm-gnu-toolchain/bin/../lib/gcc/arm-none-eabi/13.2.1/thumb/v6-m/nofp\libc_nano.a(libc_a-exit.o)
 .text.exit     0x00000000       0x28 C:/D/Tools/ARM_dev_tools/arm-gnu-toolchain/bin/../lib/gcc/arm-none-eabi/13.2.1/thumb/v6-m/nofp\libc_nano.a(libc_a-exit.o)
 .debug_frame   0x00000000       0x28 C:/D/Tools/ARM_dev_tools/arm-gnu-toolchain/bin/../lib/gcc/arm-none-eabi/13.2.1/thumb/v6-m/nofp\libc_nano.a(libc_a-exit.o)
 .ARM.attributes
                0x00000000       0x2c C:/D/Tools/ARM_dev_tools/arm-gnu-toolchain/bin/../lib/gcc/arm-none-eabi/13.2.1/thumb/v6-m/nofp\libc_nano.a(libc_a-exit.o)
 .text          0x00000000        0x0 C:/D/Tools/ARM_dev_tools/arm-gnu-toolchain/bin/../lib/gcc/arm-none-eabi/13.2.1/thumb/v6-m/nofp\libc_nano.a(libc_a-findfp.o)
 .data          0x00000000        0x0 C:/D/Tools/ARM_dev_tools/arm-gnu-toolchain/bin/../lib/gcc/arm-none-eabi/13.2.1/thumb/v6-m/nofp\libc_nano.a(libc_a-findfp.o)
 .bss           0x00000000        0x0 C:/D/Tools/ARM_dev_tools/arm-gnu-toolchain/bin/../lib/gcc/arm-none-eabi/13.2.1/thumb/v6-m/nofp\libc_nano.a(libc_a-findfp.o)
 .text.std      0x00000000       0x6c C:/D/Tools/ARM_dev_tools/arm-gnu-toolchain/bin/../lib/gcc/arm-none-eabi/13.2.1/thumb/v6-m/nofp\libc_nano.a(libc_a-findfp.o)
 .text.stdio_exit_handler
                0x00000000       0x1c C:/D/Tools/ARM_dev_tools/arm-gnu-toolchain/bin/../lib/gcc/arm-none-eabi/13.2.1/thumb/v6-m/nofp\libc_nano.a(libc_a-findfp.o)
 .text.cleanup_stdio
                0x00000000       0x3c C:/D/Tools/ARM_dev_tools/arm-gnu-toolchain/bin/../lib/gcc/arm-none-eabi/13.2.1/thumb/v6-m/nofp\libc_nano.a(libc_a-findfp.o)
 .text.__fp_lock
                0x00000000       0x18 C:/D/Tools/ARM_dev_tools/arm-gnu-toolchain/bin/../lib/gcc/arm-none-eabi/13.2.1/thumb/v6-m/nofp\libc_nano.a(libc_a-findfp.o)
 .text.__fp_unlock
                0x00000000       0x18 C:/D/Tools/ARM_dev_tools/arm-gnu-toolchain/bin/../lib/gcc/arm-none-eabi/13.2.1/thumb/v6-m/nofp\libc_nano.a(libc_a-findfp.o)
 .text.global_stdio_init.part.0
                0x00000000       0x3c C:/D/Tools/ARM_dev_tools/arm-gnu-toolchain/bin/../lib/gcc/arm-none-eabi/13.2.1/thumb/v6-m/nofp\libc_nano.a(libc_a-findfp.o)
 .text.__sfp_lock_acquire
                0x00000000       0x10 C:/D/Tools/ARM_dev_tools/arm-gnu-toolchain/bin/../lib/gcc/arm-none-eabi/13.2.1/thumb/v6-m/nofp\libc_nano.a(libc_a-findfp.o)
 .text.__sfp_lock_release
                0x00000000       0x10 C:/D/Tools/ARM_dev_tools/arm-gnu-toolchain/bin/../lib/gcc/arm-none-eabi/13.2.1/thumb/v6-m/nofp\libc_nano.a(libc_a-findfp.o)
 .text.__sfp    0x00000000       0xa8 C:/D/Tools/ARM_dev_tools/arm-gnu-toolchain/bin/../lib/gcc/arm-none-eabi/13.2.1/thumb/v6-m/nofp\libc_nano.a(libc_a-findfp.o)
 .text.__sinit  0x00000000       0x30 C:/D/Tools/ARM_dev_tools/arm-gnu-toolchain/bin/../lib/gcc/arm-none-eabi/13.2.1/thumb/v6-m/nofp\libc_nano.a(libc_a-findfp.o)
 .text.__fp_lock_all
                0x00000000       0x1c C:/D/Tools/ARM_dev_tools/arm-gnu-toolchain/bin/../lib/gcc/arm-none-eabi/13.2.1/thumb/v6-m/nofp\libc_nano.a(libc_a-findfp.o)
 .text.__fp_unlock_all
                0x00000000       0x1c C:/D/Tools/ARM_dev_tools/arm-gnu-toolchain/bin/../lib/gcc/arm-none-eabi/13.2.1/thumb/v6-m/nofp\libc_nano.a(libc_a-findfp.o)
 .data.__sglue  0x00000000        0xc C:/D/Tools/ARM_dev_tools/arm-gnu-toolchain/bin/../lib/gcc/arm-none-eabi/13.2.1/thumb/v6-m/nofp\libc_nano.a(libc_a-findfp.o)
 .bss.__sf      0x00000000      0x138 C:/D/Tools/ARM_dev_tools/arm-gnu-toolchain/bin/../lib/gcc/arm-none-eabi/13.2.1/thumb/v6-m/nofp\libc_nano.a(libc_a-findfp.o)
 .bss.__stdio_exit_handler
                0x00000000        0x4 C:/D/Tools/ARM_dev_tools/arm-gnu-toolchain/bin/../lib/gcc/arm-none-eabi/13.2.1/thumb/v6-m/nofp\libc_nano.a(libc_a-findfp.o)
 .debug_frame   0x00000000      0x138 C:/D/Tools/ARM_dev_tools/arm-gnu-toolchain/bin/../lib/gcc/arm-none-eabi/13.2.1/thumb/v6-m/nofp\libc_nano.a(libc_a-findfp.o)
 .ARM.attributes
                0x00000000       0x2c C:/D/Tools/ARM_dev_tools/arm-gnu-toolchain/bin/../lib/gcc/arm-none-eabi/13.2.1/thumb/v6-m/nofp\libc_nano.a(libc_a-findfp.o)
 .text          0x00000000        0x0 C:/D/Tools/ARM_dev_tools/arm-gnu-toolchain/bin/../lib/gcc/arm-none-eabi/13.2.1/thumb/v6-m/nofp\libc_nano.a(libc_a-fwalk.o)
 .data          0x00000000        0x0 C:/D/Tools/ARM_dev_tools/arm-gnu-toolchain/bin/../lib/gcc/arm-none-eabi/13.2.1/thumb/v6-m/nofp\libc_nano.a(libc_a-fwalk.o)
 .bss           0x00000000        0x0 C:/D/Tools/ARM_dev_tools/arm-gnu-toolchain/bin/../lib/gcc/arm-none-eabi/13.2.1/thumb/v6-m/nofp\libc_nano.a(libc_a-fwalk.o)
 .text._fwalk_sglue
                0x00000000       0x38 C:/D/Tools/ARM_dev_tools/arm-gnu-toolchain/bin/../lib/gcc/arm-none-eabi/13.2.1/thumb/v6-m/nofp\libc_nano.a(libc_a-fwalk.o)
 .debug_frame   0x00000000       0x34 C:/D/Tools/ARM_dev_tools/arm-gnu-toolchain/bin/../lib/gcc/arm-none-eabi/13.2.1/thumb/v6-m/nofp\libc_nano.a(libc_a-fwalk.o)
 .ARM.attributes
                0x00000000       0x2c C:/D/Tools/ARM_dev_tools/arm-gnu-toolchain/bin/../lib/gcc/arm-none-eabi/13.2.1/thumb/v6-m/nofp\libc_nano.a(libc_a-fwalk.o)
 .text          0x00000000        0x0 C:/D/Tools/ARM_dev_tools/arm-gnu-toolchain/bin/../lib/gcc/arm-none-eabi/13.2.1/thumb/v6-m/nofp\libc_nano.a(libc_a-stdio.o)
 .data          0x00000000        0x0 C:/D/Tools/ARM_dev_tools/arm-gnu-toolchain/bin/../lib/gcc/arm-none-eabi/13.2.1/thumb/v6-m/nofp\libc_nano.a(libc_a-stdio.o)
 .bss           0x00000000        0x0 C:/D/Tools/ARM_dev_tools/arm-gnu-toolchain/bin/../lib/gcc/arm-none-eabi/13.2.1/thumb/v6-m/nofp\libc_nano.a(libc_a-stdio.o)
 .text.__sread  0x00000000       0x28 C:/D/Tools/ARM_dev_tools/arm-gnu-toolchain/bin/../lib/gcc/arm-none-eabi/13.2.1/thumb/v6-m/nofp\libc_nano.a(libc_a-stdio.o)
 .text.__seofread
                0x00000000        0x4 C:/D/Tools/ARM_dev_tools/arm-gnu-toolchain/bin/../lib/gcc/arm-none-eabi/13.2.1/thumb/v6-m/nofp\libc_nano.a(libc_a-stdio.o)
 .text.__swrite
                0x00000000       0x38 C:/D/Tools/ARM_dev_tools/arm-gnu-toolchain/bin/../lib/gcc/arm-none-eabi/13.2.1/thumb/v6-m/nofp\libc_nano.a(libc_a-stdio.o)
 .text.__sseek  0x00000000       0x2c C:/D/Tools/ARM_dev_tools/arm-gnu-toolchain/bin/../lib/gcc/arm-none-eabi/13.2.1/thumb/v6-m/nofp\libc_nano.a(libc_a-stdio.o)
 .text.__sclose
                0x00000000        0xc C:/D/Tools/ARM_dev_tools/arm-gnu-toolchain/bin/../lib/gcc/arm-none-eabi/13.2.1/thumb/v6-m/nofp\libc_nano.a(libc_a-stdio.o)
 .debug_frame   0x00000000       0x90 C:/D/Tools/ARM_dev_tools/arm-gnu-toolchain/bin/../lib/gcc/arm-none-eabi/13.2.1/thumb/v6-m/nofp\libc_nano.a(libc_a-stdio.o)
 .ARM.attributes
                0x00000000       0x2c C:/D/Tools/ARM_dev_tools/arm-gnu-toolchain/bin/../lib/gcc/arm-none-eabi/13.2.1/thumb/v6-m/nofp\libc_nano.a(libc_a-stdio.o)
 .text          0x00000000        0x0 C:/D/Tools/ARM_dev_tools/arm-gnu-toolchain/bin/../lib/gcc/arm-none-eabi/13.2.1/thumb/v6-m/nofp\libc_nano.a(libc_a-memset.o)
 .data          0x00000000        0x0 C:/D/Tools/ARM_dev_tools/arm-gnu-toolchain/bin/../lib/gcc/arm-none-eabi/13.2.1/thumb/v6-m/nofp\libc_nano.a(libc_a-memset.o)
 .bss           0x00000000        0x0 C:/D/Tools/ARM_dev_tools/arm-gnu-toolchain/bin/../lib/gcc/arm-none-eabi/13.2.1/thumb/v6-m/nofp\libc_nano.a(libc_a-memset.o)
 .text.memset   0x00000000       0x10 C:/D/Tools/ARM_dev_tools/arm-gnu-toolchain/bin/../lib/gcc/arm-none-eabi/13.2.1/thumb/v6-m/nofp\libc_nano.a(libc_a-memset.o)
 .debug_frame   0x00000000       0x20 C:/D/Tools/ARM_dev_tools/arm-gnu-toolchain/bin/../lib/gcc/arm-none-eabi/13.2.1/thumb/v6-m/nofp\libc_nano.a(libc_a-memset.o)
 .ARM.attributes
                0x00000000       0x2c C:/D/Tools/ARM_dev_tools/arm-gnu-toolchain/bin/../lib/gcc/arm-none-eabi/13.2.1/thumb/v6-m/nofp\libc_nano.a(libc_a-memset.o)
 .text          0x00000000        0x0 C:/D/Tools/ARM_dev_tools/arm-gnu-toolchain/bin/../lib/gcc/arm-none-eabi/13.2.1/thumb/v6-m/nofp\libc_nano.a(libc_a-closer.o)
 .data          0x00000000        0x0 C:/D/Tools/ARM_dev_tools/arm-gnu-toolchain/bin/../lib/gcc/arm-none-eabi/13.2.1/thumb/v6-m/nofp\libc_nano.a(libc_a-closer.o)
 .bss           0x00000000        0x0 C:/D/Tools/ARM_dev_tools/arm-gnu-toolchain/bin/../lib/gcc/arm-none-eabi/13.2.1/thumb/v6-m/nofp\libc_nano.a(libc_a-closer.o)
 .text._close_r
                0x00000000       0x24 C:/D/Tools/ARM_dev_tools/arm-gnu-toolchain/bin/../lib/gcc/arm-none-eabi/13.2.1/thumb/v6-m/nofp\libc_nano.a(libc_a-closer.o)
 .debug_frame   0x00000000       0x2c C:/D/Tools/ARM_dev_tools/arm-gnu-toolchain/bin/../lib/gcc/arm-none-eabi/13.2.1/thumb/v6-m/nofp\libc_nano.a(libc_a-closer.o)
 .ARM.attributes
                0x00000000       0x2c C:/D/Tools/ARM_dev_tools/arm-gnu-toolchain/bin/../lib/gcc/arm-none-eabi/13.2.1/thumb/v6-m/nofp\libc_nano.a(libc_a-closer.o)
 .text          0x00000000        0x0 C:/D/Tools/ARM_dev_tools/arm-gnu-toolchain/bin/../lib/gcc/arm-none-eabi/13.2.1/thumb/v6-m/nofp\libc_nano.a(libc_a-reent.o)
 .data          0x00000000        0x0 C:/D/Tools/ARM_dev_tools/arm-gnu-toolchain/bin/../lib/gcc/arm-none-eabi/13.2.1/thumb/v6-m/nofp\libc_nano.a(libc_a-reent.o)
 .bss           0x00000000        0x0 C:/D/Tools/ARM_dev_tools/arm-gnu-toolchain/bin/../lib/gcc/arm-none-eabi/13.2.1/thumb/v6-m/nofp\libc_nano.a(libc_a-reent.o)
 .text._reclaim_reent
                0x00000000       0xc0 C:/D/Tools/ARM_dev_tools/arm-gnu-toolchain/bin/../lib/gcc/arm-none-eabi/13.2.1/thumb/v6-m/nofp\libc_nano.a(libc_a-reent.o)
 .bss.errno     0x00000000        0x4 C:/D/Tools/ARM_dev_tools/arm-gnu-toolchain/bin/../lib/gcc/arm-none-eabi/13.2.1/thumb/v6-m/nofp\libc_nano.a(libc_a-reent.o)
 .debug_frame   0x00000000       0x2c C:/D/Tools/ARM_dev_tools/arm-gnu-toolchain/bin/../lib/gcc/arm-none-eabi/13.2.1/thumb/v6-m/nofp\libc_nano.a(libc_a-reent.o)
 .ARM.attributes
                0x00000000       0x2c C:/D/Tools/ARM_dev_tools/arm-gnu-toolchain/bin/../lib/gcc/arm-none-eabi/13.2.1/thumb/v6-m/nofp\libc_nano.a(libc_a-reent.o)
 .text          0x00000000        0x0 C:/D/Tools/ARM_dev_tools/arm-gnu-toolchain/bin/../lib/gcc/arm-none-eabi/13.2.1/thumb/v6-m/nofp\libc_nano.a(libc_a-impure.o)
 .data          0x00000000        0x0 C:/D/Tools/ARM_dev_tools/arm-gnu-toolchain/bin/../lib/gcc/arm-none-eabi/13.2.1/thumb/v6-m/nofp\libc_nano.a(libc_a-impure.o)
 .bss           0x00000000        0x0 C:/D/Tools/ARM_dev_tools/arm-gnu-toolchain/bin/../lib/gcc/arm-none-eabi/13.2.1/thumb/v6-m/nofp\libc_nano.a(libc_a-impure.o)
 .data._impure_ptr
                0x00000000        0x4 C:/D/Tools/ARM_dev_tools/arm-gnu-toolchain/bin/../lib/gcc/arm-none-eabi/13.2.1/thumb/v6-m/nofp\libc_nano.a(libc_a-impure.o)
 .data._impure_data
                0x00000000       0x4c C:/D/Tools/ARM_dev_tools/arm-gnu-toolchain/bin/../lib/gcc/arm-none-eabi/13.2.1/thumb/v6-m/nofp\libc_nano.a(libc_a-impure.o)
 .ARM.attributes
                0x00000000       0x2c C:/D/Tools/ARM_dev_tools/arm-gnu-toolchain/bin/../lib/gcc/arm-none-eabi/13.2.1/thumb/v6-m/nofp\libc_nano.a(libc_a-impure.o)
 .text          0x00000000        0x0 C:/D/Tools/ARM_dev_tools/arm-gnu-toolchain/bin/../lib/gcc/arm-none-eabi/13.2.1/thumb/v6-m/nofp\libc_nano.a(libc_a-lseekr.o)
 .data          0x00000000        0x0 C:/D/Tools/ARM_dev_tools/arm-gnu-toolchain/bin/../lib/gcc/arm-none-eabi/13.2.1/thumb/v6-m/nofp\libc_nano.a(libc_a-lseekr.o)
 .bss           0x00000000        0x0 C:/D/Tools/ARM_dev_tools/arm-gnu-toolchain/bin/../lib/gcc/arm-none-eabi/13.2.1/thumb/v6-m/nofp\libc_nano.a(libc_a-lseekr.o)
 .text._lseek_r
                0x00000000       0x28 C:/D/Tools/ARM_dev_tools/arm-gnu-toolchain/bin/../lib/gcc/arm-none-eabi/13.2.1/thumb/v6-m/nofp\libc_nano.a(libc_a-lseekr.o)
 .debug_frame   0x00000000       0x2c C:/D/Tools/ARM_dev_tools/arm-gnu-toolchain/bin/../lib/gcc/arm-none-eabi/13.2.1/thumb/v6-m/nofp\libc_nano.a(libc_a-lseekr.o)
 .ARM.attributes
                0x00000000       0x2c C:/D/Tools/ARM_dev_tools/arm-gnu-toolchain/bin/../lib/gcc/arm-none-eabi/13.2.1/thumb/v6-m/nofp\libc_nano.a(libc_a-lseekr.o)
 .text          0x00000000        0x0 C:/D/Tools/ARM_dev_tools/arm-gnu-toolchain/bin/../lib/gcc/arm-none-eabi/13.2.1/thumb/v6-m/nofp\libc_nano.a(libc_a-readr.o)
 .data          0x00000000        0x0 C:/D/Tools/ARM_dev_tools/arm-gnu-toolchain/bin/../lib/gcc/arm-none-eabi/13.2.1/thumb/v6-m/nofp\libc_nano.a(libc_a-readr.o)
 .bss           0x00000000        0x0 C:/D/Tools/ARM_dev_tools/arm-gnu-toolchain/bin/../lib/gcc/arm-none-eabi/13.2.1/thumb/v6-m/nofp\libc_nano.a(libc_a-readr.o)
 .text._read_r  0x00000000       0x28 C:/D/Tools/ARM_dev_tools/arm-gnu-toolchain/bin/../lib/gcc/arm-none-eabi/13.2.1/thumb/v6-m/nofp\libc_nano.a(libc_a-readr.o)
 .debug_frame   0x00000000       0x2c C:/D/Tools/ARM_dev_tools/arm-gnu-toolchain/bin/../lib/gcc/arm-none-eabi/13.2.1/thumb/v6-m/nofp\libc_nano.a(libc_a-readr.o)
 .ARM.attributes
                0x00000000       0x2c C:/D/Tools/ARM_dev_tools/arm-gnu-toolchain/bin/../lib/gcc/arm-none-eabi/13.2.1/thumb/v6-m/nofp\libc_nano.a(libc_a-readr.o)
 .text          0x00000000        0x0 C:/D/Tools/ARM_dev_tools/arm-gnu-toolchain/bin/../lib/gcc/arm-none-eabi/13.2.1/thumb/v6-m/nofp\libc_nano.a(libc_a-writer.o)
 .data          0x00000000        0x0 C:/D/Tools/ARM_dev_tools/arm-gnu-toolchain/bin/../lib/gcc/arm-none-eabi/13.2.1/thumb/v6-m/nofp\libc_nano.a(libc_a-writer.o)
 .bss           0x00000000        0x0 C:/D/Tools/ARM_dev_tools/arm-gnu-toolchain/bin/../lib/gcc/arm-none-eabi/13.2.1/thumb/v6-m/nofp\libc_nano.a(libc_a-writer.o)
 .text._write_r
                0x00000000       0x28 C:/D/Tools/ARM_dev_tools/arm-gnu-toolchain/bin/../lib/gcc/arm-none-eabi/13.2.1/thumb/v6-m/nofp\libc_nano.a(libc_a-writer.o)
 .debug_frame   0x00000000       0x2c C:/D/Tools/ARM_dev_tools/arm-gnu-toolchain/bin/../lib/gcc/arm-none-eabi/13.2.1/thumb/v6-m/nofp\libc_nano.a(libc_a-writer.o)
 .ARM.attributes
                0x00000000       0x2c C:/D/Tools/ARM_dev_tools/arm-gnu-toolchain/bin/../lib/gcc/arm-none-eabi/13.2.1/thumb/v6-m/nofp\libc_nano.a(libc_a-writer.o)
 .text          0x00000000        0x0 C:/D/Tools/ARM_dev_tools/arm-gnu-toolchain/bin/../lib/gcc/arm-none-eabi/13.2.1/thumb/v6-m/nofp\libc_nano.a(libc_a-init.o)
 .data          0x00000000        0x0 C:/D/Tools/ARM_dev_tools/arm-gnu-toolchain/bin/../lib/gcc/arm-none-eabi/13.2.1/thumb/v6-m/nofp\libc_nano.a(libc_a-init.o)
 .bss           0x00000000        0x0 C:/D/Tools/ARM_dev_tools/arm-gnu-toolchain/bin/../lib/gcc/arm-none-eabi/13.2.1/thumb/v6-m/nofp\libc_nano.a(libc_a-init.o)
 .text          0x00000000        0x0 C:/D/Tools/ARM_dev_tools/arm-gnu-toolchain/bin/../lib/gcc/arm-none-eabi/13.2.1/thumb/v6-m/nofp\libc_nano.a(libc_a-lock.o)
 .data          0x00000000        0x0 C:/D/Tools/ARM_dev_tools/arm-gnu-toolchain/bin/../lib/gcc/arm-none-eabi/13.2.1/thumb/v6-m/nofp\libc_nano.a(libc_a-lock.o)
 .bss           0x00000000        0x0 C:/D/Tools/ARM_dev_tools/arm-gnu-toolchain/bin/../lib/gcc/arm-none-eabi/13.2.1/thumb/v6-m/nofp\libc_nano.a(libc_a-lock.o)
 .text.__retarget_lock_init
                0x00000000        0x2 C:/D/Tools/ARM_dev_tools/arm-gnu-toolchain/bin/../lib/gcc/arm-none-eabi/13.2.1/thumb/v6-m/nofp\libc_nano.a(libc_a-lock.o)
 .text.__retarget_lock_init_recursive
                0x00000000        0x2 C:/D/Tools/ARM_dev_tools/arm-gnu-toolchain/bin/../lib/gcc/arm-none-eabi/13.2.1/thumb/v6-m/nofp\libc_nano.a(libc_a-lock.o)
 .text.__retarget_lock_close
                0x00000000        0x2 C:/D/Tools/ARM_dev_tools/arm-gnu-toolchain/bin/../lib/gcc/arm-none-eabi/13.2.1/thumb/v6-m/nofp\libc_nano.a(libc_a-lock.o)
 .text.__retarget_lock_close_recursive
                0x00000000        0x2 C:/D/Tools/ARM_dev_tools/arm-gnu-toolchain/bin/../lib/gcc/arm-none-eabi/13.2.1/thumb/v6-m/nofp\libc_nano.a(libc_a-lock.o)
 .text.__retarget_lock_acquire
                0x00000000        0x2 C:/D/Tools/ARM_dev_tools/arm-gnu-toolchain/bin/../lib/gcc/arm-none-eabi/13.2.1/thumb/v6-m/nofp\libc_nano.a(libc_a-lock.o)
 .text.__retarget_lock_acquire_recursive
                0x00000000        0x2 C:/D/Tools/ARM_dev_tools/arm-gnu-toolchain/bin/../lib/gcc/arm-none-eabi/13.2.1/thumb/v6-m/nofp\libc_nano.a(libc_a-lock.o)
 .text.__retarget_lock_try_acquire
                0x00000000        0x4 C:/D/Tools/ARM_dev_tools/arm-gnu-toolchain/bin/../lib/gcc/arm-none-eabi/13.2.1/thumb/v6-m/nofp\libc_nano.a(libc_a-lock.o)
 .text.__retarget_lock_try_acquire_recursive
                0x00000000        0x4 C:/D/Tools/ARM_dev_tools/arm-gnu-toolchain/bin/../lib/gcc/arm-none-eabi/13.2.1/thumb/v6-m/nofp\libc_nano.a(libc_a-lock.o)
 .text.__retarget_lock_release
                0x00000000        0x2 C:/D/Tools/ARM_dev_tools/arm-gnu-toolchain/bin/../lib/gcc/arm-none-eabi/13.2.1/thumb/v6-m/nofp\libc_nano.a(libc_a-lock.o)
 .text.__retarget_lock_release_recursive
                0x00000000        0x2 C:/D/Tools/ARM_dev_tools/arm-gnu-toolchain/bin/../lib/gcc/arm-none-eabi/13.2.1/thumb/v6-m/nofp\libc_nano.a(libc_a-lock.o)
 .bss.__lock___arc4random_mutex
                0x00000000        0x1 C:/D/Tools/ARM_dev_tools/arm-gnu-toolchain/bin/../lib/gcc/arm-none-eabi/13.2.1/thumb/v6-m/nofp\libc_nano.a(libc_a-lock.o)
 .bss.__lock___dd_hash_mutex
                0x00000000        0x1 C:/D/Tools/ARM_dev_tools/arm-gnu-toolchain/bin/../lib/gcc/arm-none-eabi/13.2.1/thumb/v6-m/nofp\libc_nano.a(libc_a-lock.o)
 .bss.__lock___tz_mutex
                0x00000000        0x1 C:/D/Tools/ARM_dev_tools/arm-gnu-toolchain/bin/../lib/gcc/arm-none-eabi/13.2.1/thumb/v6-m/nofp\libc_nano.a(libc_a-lock.o)
 .bss.__lock___env_recursive_mutex
                0x00000000        0x1 C:/D/Tools/ARM_dev_tools/arm-gnu-toolchain/bin/../lib/gcc/arm-none-eabi/13.2.1/thumb/v6-m/nofp\libc_nano.a(libc_a-lock.o)
 .bss.__lock___malloc_recursive_mutex
                0x00000000        0x1 C:/D/Tools/ARM_dev_tools/arm-gnu-toolchain/bin/../lib/gcc/arm-none-eabi/13.2.1/thumb/v6-m/nofp\libc_nano.a(libc_a-lock.o)
 .bss.__lock___at_quick_exit_mutex
                0x00000000        0x1 C:/D/Tools/ARM_dev_tools/arm-gnu-toolchain/bin/../lib/gcc/arm-none-eabi/13.2.1/thumb/v6-m/nofp\libc_nano.a(libc_a-lock.o)
 .bss.__lock___atexit_recursive_mutex
                0x00000000        0x1 C:/D/Tools/ARM_dev_tools/arm-gnu-toolchain/bin/../lib/gcc/arm-none-eabi/13.2.1/thumb/v6-m/nofp\libc_nano.a(libc_a-lock.o)
 .bss.__lock___sfp_recursive_mutex
                0x00000000        0x1 C:/D/Tools/ARM_dev_tools/arm-gnu-toolchain/bin/../lib/gcc/arm-none-eabi/13.2.1/thumb/v6-m/nofp\libc_nano.a(libc_a-lock.o)
 .debug_frame   0x00000000       0xb0 C:/D/Tools/ARM_dev_tools/arm-gnu-toolchain/bin/../lib/gcc/arm-none-eabi/13.2.1/thumb/v6-m/nofp\libc_nano.a(libc_a-lock.o)
 .ARM.attributes
                0x00000000       0x2c C:/D/Tools/ARM_dev_tools/arm-gnu-toolchain/bin/../lib/gcc/arm-none-eabi/13.2.1/thumb/v6-m/nofp\libc_nano.a(libc_a-lock.o)
 .text          0x00000000        0x0 C:/D/Tools/ARM_dev_tools/arm-gnu-toolchain/bin/../lib/gcc/arm-none-eabi/13.2.1/thumb/v6-m/nofp\libc_nano.a(libc_a-freer.o)
 .data          0x00000000        0x0 C:/D/Tools/ARM_dev_tools/arm-gnu-toolchain/bin/../lib/gcc/arm-none-eabi/13.2.1/thumb/v6-m/nofp\libc_nano.a(libc_a-freer.o)
 .bss           0x00000000        0x0 C:/D/Tools/ARM_dev_tools/arm-gnu-toolchain/bin/../lib/gcc/arm-none-eabi/13.2.1/thumb/v6-m/nofp\libc_nano.a(libc_a-freer.o)
 .text._free_r  0x00000000       0x94 C:/D/Tools/ARM_dev_tools/arm-gnu-toolchain/bin/../lib/gcc/arm-none-eabi/13.2.1/thumb/v6-m/nofp\libc_nano.a(libc_a-freer.o)
 .debug_frame   0x00000000       0x2c C:/D/Tools/ARM_dev_tools/arm-gnu-toolchain/bin/../lib/gcc/arm-none-eabi/13.2.1/thumb/v6-m/nofp\libc_nano.a(libc_a-freer.o)
 .ARM.attributes
                0x00000000       0x2c C:/D/Tools/ARM_dev_tools/arm-gnu-toolchain/bin/../lib/gcc/arm-none-eabi/13.2.1/thumb/v6-m/nofp\libc_nano.a(libc_a-freer.o)
 .text          0x00000000        0x0 C:/D/Tools/ARM_dev_tools/arm-gnu-toolchain/bin/../lib/gcc/arm-none-eabi/13.2.1/thumb/v6-m/nofp\libc_nano.a(libc_a-mallocr.o)
 .data          0x00000000        0x0 C:/D/Tools/ARM_dev_tools/arm-gnu-toolchain/bin/../lib/gcc/arm-none-eabi/13.2.1/thumb/v6-m/nofp\libc_nano.a(libc_a-mallocr.o)
 .bss           0x00000000        0x0 C:/D/Tools/ARM_dev_tools/arm-gnu-toolchain/bin/../lib/gcc/arm-none-eabi/13.2.1/thumb/v6-m/nofp\libc_nano.a(libc_a-mallocr.o)
 .text.sbrk_aligned
                0x00000000       0x44 C:/D/Tools/ARM_dev_tools/arm-gnu-toolchain/bin/../lib/gcc/arm-none-eabi/13.2.1/thumb/v6-m/nofp\libc_nano.a(libc_a-mallocr.o)
 .text._malloc_r
                0x00000000      0x100 C:/D/Tools/ARM_dev_tools/arm-gnu-toolchain/bin/../lib/gcc/arm-none-eabi/13.2.1/thumb/v6-m/nofp\libc_nano.a(libc_a-mallocr.o)
 .bss.__malloc_sbrk_start
                0x00000000        0x4 C:/D/Tools/ARM_dev_tools/arm-gnu-toolchain/bin/../lib/gcc/arm-none-eabi/13.2.1/thumb/v6-m/nofp\libc_nano.a(libc_a-mallocr.o)
 .bss.__malloc_free_list
                0x00000000        0x4 C:/D/Tools/ARM_dev_tools/arm-gnu-toolchain/bin/../lib/gcc/arm-none-eabi/13.2.1/thumb/v6-m/nofp\libc_nano.a(libc_a-mallocr.o)
 .debug_frame   0x00000000       0x50 C:/D/Tools/ARM_dev_tools/arm-gnu-toolchain/bin/../lib/gcc/arm-none-eabi/13.2.1/thumb/v6-m/nofp\libc_nano.a(libc_a-mallocr.o)
 .ARM.attributes
                0x00000000       0x2c C:/D/Tools/ARM_dev_tools/arm-gnu-toolchain/bin/../lib/gcc/arm-none-eabi/13.2.1/thumb/v6-m/nofp\libc_nano.a(libc_a-mallocr.o)
 .text          0x00000000        0x0 C:/D/Tools/ARM_dev_tools/arm-gnu-toolchain/bin/../lib/gcc/arm-none-eabi/13.2.1/thumb/v6-m/nofp\libc_nano.a(libc_a-mlock.o)
 .data          0x00000000        0x0 C:/D/Tools/ARM_dev_tools/arm-gnu-toolchain/bin/../lib/gcc/arm-none-eabi/13.2.1/thumb/v6-m/nofp\libc_nano.a(libc_a-mlock.o)
 .bss           0x00000000        0x0 C:/D/Tools/ARM_dev_tools/arm-gnu-toolchain/bin/../lib/gcc/arm-none-eabi/13.2.1/thumb/v6-m/nofp\libc_nano.a(libc_a-mlock.o)
 .text.__malloc_lock
                0x00000000       0x10 C:/D/Tools/ARM_dev_tools/arm-gnu-toolchain/bin/../lib/gcc/arm-none-eabi/13.2.1/thumb/v6-m/nofp\libc_nano.a(libc_a-mlock.o)
 .text.__malloc_unlock
                0x00000000       0x10 C:/D/Tools/ARM_dev_tools/arm-gnu-toolchain/bin/../lib/gcc/arm-none-eabi/13.2.1/thumb/v6-m/nofp\libc_nano.a(libc_a-mlock.o)
 .debug_frame   0x00000000       0x40 C:/D/Tools/ARM_dev_tools/arm-gnu-toolchain/bin/../lib/gcc/arm-none-eabi/13.2.1/thumb/v6-m/nofp\libc_nano.a(libc_a-mlock.o)
 .ARM.attributes
                0x00000000       0x2c C:/D/Tools/ARM_dev_tools/arm-gnu-toolchain/bin/../lib/gcc/arm-none-eabi/13.2.1/thumb/v6-m/nofp\libc_nano.a(libc_a-mlock.o)
 .text          0x00000000        0x0 C:/D/Tools/ARM_dev_tools/arm-gnu-toolchain/bin/../lib/gcc/arm-none-eabi/13.2.1/thumb/v6-m/nofp\libc_nano.a(libc_a-fflush.o)
 .data          0x00000000        0x0 C:/D/Tools/ARM_dev_tools/arm-gnu-toolchain/bin/../lib/gcc/arm-none-eabi/13.2.1/thumb/v6-m/nofp\libc_nano.a(libc_a-fflush.o)
 .bss           0x00000000        0x0 C:/D/Tools/ARM_dev_tools/arm-gnu-toolchain/bin/../lib/gcc/arm-none-eabi/13.2.1/thumb/v6-m/nofp\libc_nano.a(libc_a-fflush.o)
 .text.__sflush_r
                0x00000000      0x10c C:/D/Tools/ARM_dev_tools/arm-gnu-toolchain/bin/../lib/gcc/arm-none-eabi/13.2.1/thumb/v6-m/nofp\libc_nano.a(libc_a-fflush.o)
 .text._fflush_r
                0x00000000       0x56 C:/D/Tools/ARM_dev_tools/arm-gnu-toolchain/bin/../lib/gcc/arm-none-eabi/13.2.1/thumb/v6-m/nofp\libc_nano.a(libc_a-fflush.o)
 .text.fflush   0x00000000       0x30 C:/D/Tools/ARM_dev_tools/arm-gnu-toolchain/bin/../lib/gcc/arm-none-eabi/13.2.1/thumb/v6-m/nofp\libc_nano.a(libc_a-fflush.o)
 .debug_frame   0x00000000       0x68 C:/D/Tools/ARM_dev_tools/arm-gnu-toolchain/bin/../lib/gcc/arm-none-eabi/13.2.1/thumb/v6-m/nofp\libc_nano.a(libc_a-fflush.o)
 .ARM.attributes
                0x00000000       0x2c C:/D/Tools/ARM_dev_tools/arm-gnu-toolchain/bin/../lib/gcc/arm-none-eabi/13.2.1/thumb/v6-m/nofp\libc_nano.a(libc_a-fflush.o)
 .text          0x00000000        0x0 C:/D/Tools/ARM_dev_tools/arm-gnu-toolchain/bin/../lib/gcc/arm-none-eabi/13.2.1/thumb/v6-m/nofp\libc_nano.a(libc_a-sbrkr.o)
 .data          0x00000000        0x0 C:/D/Tools/ARM_dev_tools/arm-gnu-toolchain/bin/../lib/gcc/arm-none-eabi/13.2.1/thumb/v6-m/nofp\libc_nano.a(libc_a-sbrkr.o)
 .bss           0x00000000        0x0 C:/D/Tools/ARM_dev_tools/arm-gnu-toolchain/bin/../lib/gcc/arm-none-eabi/13.2.1/thumb/v6-m/nofp\libc_nano.a(libc_a-sbrkr.o)
 .text._sbrk_r  0x00000000       0x24 C:/D/Tools/ARM_dev_tools/arm-gnu-toolchain/bin/../lib/gcc/arm-none-eabi/13.2.1/thumb/v6-m/nofp\libc_nano.a(libc_a-sbrkr.o)
 .debug_frame   0x00000000       0x2c C:/D/Tools/ARM_dev_tools/arm-gnu-toolchain/bin/../lib/gcc/arm-none-eabi/13.2.1/thumb/v6-m/nofp\libc_nano.a(libc_a-sbrkr.o)
 .ARM.attributes
                0x00000000       0x2c C:/D/Tools/ARM_dev_tools/arm-gnu-toolchain/bin/../lib/gcc/arm-none-eabi/13.2.1/thumb/v6-m/nofp\libc_nano.a(libc_a-sbrkr.o)
 .group         0x00000000        0xc CMakeFiles/template.dir/Src/main.c.obj
 .group         0x00000000        0xc CMakeFiles/template.dir/Src/main.c.obj
 .group         0x00000000        0xc CMakeFiles/template.dir/Src/main.c.obj
 .group         0x00000000        0xc CMakeFiles/template.dir/Src/main.c.obj
 .group         0x00000000        0xc CMakeFiles/template.dir/Src/main.c.obj
 .group         0x00000000        0xc CMakeFiles/template.dir/Src/main.c.obj
 .group         0x00000000        0xc CMakeFiles/template.dir/Src/main.c.obj
 .group         0x00000000        0xc CMakeFiles/template.dir/Src/main.c.obj
 .group         0x00000000        0xc CMakeFiles/template.dir/Src/main.c.obj
 .group         0x00000000        0xc CMakeFiles/template.dir/Src/main.c.obj
 .group         0x00000000        0xc CMakeFiles/template.dir/Src/main.c.obj
 .group         0x00000000        0xc CMakeFiles/template.dir/Src/main.c.obj
 .group         0x00000000        0xc CMakeFiles/template.dir/Src/main.c.obj
 .group         0x00000000        0xc CMakeFiles/template.dir/Src/main.c.obj
 .text          0x00000000        0x0 CMakeFiles/template.dir/Src/main.c.obj
 .data          0x00000000        0x0 CMakeFiles/template.dir/Src/main.c.obj
 .bss           0x00000000        0x0 CMakeFiles/template.dir/Src/main.c.obj
 .group         0x00000000        0xc CMakeFiles/template.dir/Src/led.c.obj
 .group         0x00000000        0xc CMakeFiles/template.dir/Src/led.c.obj
 .group         0x00000000        0xc CMakeFiles/template.dir/Src/led.c.obj
 .group         0x00000000        0xc CMakeFiles/template.dir/Src/led.c.obj
 .group         0x00000000        0xc CMakeFiles/template.dir/Src/led.c.obj
 .group         0x00000000        0xc CMakeFiles/template.dir/Src/led.c.obj
 .group         0x00000000        0xc CMakeFiles/template.dir/Src/led.c.obj
 .group         0x00000000        0xc CMakeFiles/template.dir/Src/led.c.obj
 .group         0x00000000        0xc CMakeFiles/template.dir/Src/led.c.obj
 .group         0x00000000        0xc CMakeFiles/template.dir/Src/led.c.obj
 .group         0x00000000        0xc CMakeFiles/template.dir/Src/led.c.obj
 .group         0x00000000        0xc CMakeFiles/template.dir/Src/led.c.obj
 .group         0x00000000        0xc CMakeFiles/template.dir/Src/led.c.obj
 .group         0x00000000        0xc CMakeFiles/template.dir/Src/led.c.obj
 .text          0x00000000        0x0 CMakeFiles/template.dir/Src/led.c.obj
 .data          0x00000000        0x0 CMakeFiles/template.dir/Src/led.c.obj
 .bss           0x00000000        0x0 CMakeFiles/template.dir/Src/led.c.obj
 .debug_macro   0x00000000      0xa9c CMakeFiles/template.dir/Src/led.c.obj
 .debug_macro   0x00000000       0x28 CMakeFiles/template.dir/Src/led.c.obj
 .debug_macro   0x00000000       0x22 CMakeFiles/template.dir/Src/led.c.obj
 .debug_macro   0x00000000       0x8e CMakeFiles/template.dir/Src/led.c.obj
 .debug_macro   0x00000000       0x51 CMakeFiles/template.dir/Src/led.c.obj
 .debug_macro   0x00000000      0x103 CMakeFiles/template.dir/Src/led.c.obj
 .debug_macro   0x00000000       0x6a CMakeFiles/template.dir/Src/led.c.obj
 .debug_macro   0x00000000      0x1df CMakeFiles/template.dir/Src/led.c.obj
 .debug_macro   0x00000000       0x1c CMakeFiles/template.dir/Src/led.c.obj
 .debug_macro   0x00000000       0x22 CMakeFiles/template.dir/Src/led.c.obj
 .debug_macro   0x00000000       0xd1 CMakeFiles/template.dir/Src/led.c.obj
 .debug_macro   0x00000000      0x4da CMakeFiles/template.dir/Src/led.c.obj
 .debug_macro   0x00000000      0x11f CMakeFiles/template.dir/Src/led.c.obj
 .debug_macro   0x00000000     0xf3de CMakeFiles/template.dir/Src/led.c.obj
 .text          0x00000000       0x14 CMakeFiles/template.dir/startup_stm32g0b1retx.s.obj
 .data          0x00000000        0x0 CMakeFiles/template.dir/startup_stm32g0b1retx.s.obj
 .bss           0x00000000        0x0 CMakeFiles/template.dir/startup_stm32g0b1retx.s.obj
 .text          0x00000000        0x0 C:/D/Tools/ARM_dev_tools/arm-gnu-toolchain/bin/../lib/gcc/arm-none-eabi/13.2.1/thumb/v6-m/nofp/crtend.o
 .data          0x00000000        0x0 C:/D/Tools/ARM_dev_tools/arm-gnu-toolchain/bin/../lib/gcc/arm-none-eabi/13.2.1/thumb/v6-m/nofp/crtend.o
 .bss           0x00000000        0x0 C:/D/Tools/ARM_dev_tools/arm-gnu-toolchain/bin/../lib/gcc/arm-none-eabi/13.2.1/thumb/v6-m/nofp/crtend.o
 .rodata.all_implied_fbits
                0x00000000       0x24 C:/D/Tools/ARM_dev_tools/arm-gnu-toolchain/bin/../lib/gcc/arm-none-eabi/13.2.1/thumb/v6-m/nofp/crtend.o
 .eh_frame      0x00000000        0x4 C:/D/Tools/ARM_dev_tools/arm-gnu-toolchain/bin/../lib/gcc/arm-none-eabi/13.2.1/thumb/v6-m/nofp/crtend.o
 .text          0x00000000        0x0 C:/D/Tools/ARM_dev_tools/arm-gnu-toolchain/bin/../lib/gcc/arm-none-eabi/13.2.1/thumb/v6-m/nofp/crtn.o
 .data          0x00000000        0x0 C:/D/Tools/ARM_dev_tools/arm-gnu-toolchain/bin/../lib/gcc/arm-none-eabi/13.2.1/thumb/v6-m/nofp/crtn.o
 .bss           0x00000000        0x0 C:/D/Tools/ARM_dev_tools/arm-gnu-toolchain/bin/../lib/gcc/arm-none-eabi/13.2.1/thumb/v6-m/nofp/crtn.o

Memory Configuration

Name             Origin             Length             Attributes
RAM              0x20000000         0x00024000         xrw
FLASH            0x08000000         0x00080000         xr
*default*        0x00000000         0xffffffff

Linker script and memory map

LOAD C:/D/Tools/ARM_dev_tools/arm-gnu-toolchain/bin/../lib/gcc/arm-none-eabi/13.2.1/thumb/v6-m/nofp/crti.o
LOAD C:/D/Tools/ARM_dev_tools/arm-gnu-toolchain/bin/../lib/gcc/arm-none-eabi/13.2.1/thumb/v6-m/nofp/crtbegin.o
LOAD C:/D/Tools/ARM_dev_tools/arm-gnu-toolchain/bin/../lib/gcc/arm-none-eabi/13.2.1/thumb/v6-m/nofp/crt0.o
START GROUP
LOAD C:/D/Tools/ARM_dev_tools/arm-gnu-toolchain/bin/../lib/gcc/arm-none-eabi/13.2.1/thumb/v6-m/nofp\libc_nano.a
LOAD C:/D/Tools/ARM_dev_tools/arm-gnu-toolchain/bin/../lib/gcc/arm-none-eabi/13.2.1/thumb/v6-m/nofp\libm.a
END GROUP
LOAD CMakeFiles/template.dir/Src/main.c.obj
LOAD CMakeFiles/template.dir/Src/led.c.obj
LOAD CMakeFiles/template.dir/startup_stm32g0b1retx.s.obj
START GROUP
LOAD C:/D/Tools/ARM_dev_tools/arm-gnu-toolchain/bin/../lib/gcc/arm-none-eabi/13.2.1/thumb/v6-m/nofp\libgcc.a
LOAD C:/D/Tools/ARM_dev_tools/arm-gnu-toolchain/bin/../lib/gcc/arm-none-eabi/13.2.1/thumb/v6-m/nofp\libg_nano.a
LOAD C:/D/Tools/ARM_dev_tools/arm-gnu-toolchain/bin/../lib/gcc/arm-none-eabi/13.2.1/thumb/v6-m/nofp\libc_nano.a
END GROUP
START GROUP
LOAD C:/D/Tools/ARM_dev_tools/arm-gnu-toolchain/bin/../lib/gcc/arm-none-eabi/13.2.1/thumb/v6-m/nofp\libgcc.a
LOAD C:/D/Tools/ARM_dev_tools/arm-gnu-toolchain/bin/../lib/gcc/arm-none-eabi/13.2.1/thumb/v6-m/nofp\libc_nano.a
END GROUP
LOAD C:/D/Tools/ARM_dev_tools/arm-gnu-toolchain/bin/../lib/gcc/arm-none-eabi/13.2.1/thumb/v6-m/nofp/crtend.o
LOAD C:/D/Tools/ARM_dev_tools/arm-gnu-toolchain/bin/../lib/gcc/arm-none-eabi/13.2.1/thumb/v6-m/nofp/crtn.o
                0x20024000                        _estack = (ORIGIN (RAM) + LENGTH (RAM))
                0x00000200                        _Min_Heap_Size = 0x200
                0x00000400                        _Min_Stack_Size = 0x400

.isr_vector     0x08000000       0xbc
                0x08000000                        . = ALIGN (0x4)
 *(.isr_vector)
 .isr_vector    0x08000000       0xbc CMakeFiles/template.dir/startup_stm32g0b1retx.s.obj
                0x08000000                g_pfnVectors
                0x080000bc                        . = ALIGN (0x4)

.text           0x080000bc      0x274
                0x080000bc                        . = ALIGN (0x4)
 *(.text)
 *(.text*)
 .text.deregister_tm_clones
                0x080000bc       0x20 C:/D/Tools/ARM_dev_tools/arm-gnu-toolchain/bin/../lib/gcc/arm-none-eabi/13.2.1/thumb/v6-m/nofp/crtbegin.o
 .text.register_tm_clones
                0x080000dc       0x28 C:/D/Tools/ARM_dev_tools/arm-gnu-toolchain/bin/../lib/gcc/arm-none-eabi/13.2.1/thumb/v6-m/nofp/crtbegin.o
 .text.__do_global_dtors_aux
                0x08000104       0x2c C:/D/Tools/ARM_dev_tools/arm-gnu-toolchain/bin/../lib/gcc/arm-none-eabi/13.2.1/thumb/v6-m/nofp/crtbegin.o
 .text.frame_dummy
                0x08000130       0x24 C:/D/Tools/ARM_dev_tools/arm-gnu-toolchain/bin/../lib/gcc/arm-none-eabi/13.2.1/thumb/v6-m/nofp/crtbegin.o
 .text.__libc_init_array
                0x08000154       0x48 C:/D/Tools/ARM_dev_tools/arm-gnu-toolchain/bin/../lib/gcc/arm-none-eabi/13.2.1/thumb/v6-m/nofp\libc_nano.a(libc_a-init.o)
                0x08000154                __libc_init_array
 .text.main     0x0800019c       0x2e CMakeFiles/template.dir/Src/main.c.obj
                0x0800019c                main
 *fill*         0x080001ca        0x2 
 .text.delay    0x080001cc       0x84 CMakeFiles/template.dir/Src/main.c.obj
                0x080001cc                delay
 .text.LED_init
                0x08000250       0x40 CMakeFiles/template.dir/Src/led.c.obj
                0x08000250                LED_init
 .text.LED_on   0x08000290       0x1a CMakeFiles/template.dir/Src/led.c.obj
                0x08000290                LED_on
 .text.LED_off  0x080002aa       0x1a CMakeFiles/template.dir/Src/led.c.obj
                0x080002aa                LED_off
 .text.Reset_Handler
                0x080002c4       0x50 CMakeFiles/template.dir/startup_stm32g0b1retx.s.obj
                0x080002c4                Reset_Handler
 .text.Default_Handler
                0x08000314        0x2 CMakeFiles/template.dir/startup_stm32g0b1retx.s.obj
                0x08000314                TIM1_CC_IRQHandler
                0x08000314                HardFault_Handler
                0x08000314                SysTick_Handler
                0x08000314                PVD_IRQHandler
                0x08000314                PendSV_Handler
                0x08000314                NMI_Handler
                0x08000314                I2C1_IRQHandler
                0x08000314                DMA1_Channel4_5_6_7_DMAMUX_DMA2_Channel1_2_3_4_5_IRQHandler
                0x08000314                RCC_CRS_IRQHandler
                0x08000314                RTC_TAMP_IRQHandler
                0x08000314                SPI1_IRQHandler
                0x08000314                EXTI2_3_IRQHandler
                0x08000314                TIM17_IRQHandler
                0x08000314                USART2_LPUART2_IRQHandler
                0x08000314                TIM16_IRQHandler
                0x08000314                EXTI4_15_IRQHandler
                0x08000314                DMA1_Channel1_IRQHandler
                0x08000314                Default_Handler
                0x08000314                CEC_IRQHandler
                0x08000314                TIM14_IRQHandler
                0x08000314                TIM7_IRQHandler
                0x08000314                TIM15_IRQHandler
                0x08000314                TIM3_TIM4_IRQHandler
                0x08000314                EXTI0_1_IRQHandler
                0x08000314                I2C2_I2C3_IRQHandler
                0x08000314                SVC_Handler
                0x08000314                TIM6_DAC_LPTIM1_IRQHandler
                0x08000314                WWDG_IRQHandler
                0x08000314                SPI2_SPI3_IRQHandler
                0x08000314                TIM2_IRQHandler
                0x08000314                DMA1_Channel2_3_IRQHandler
                0x08000314                ADC_COMP_IRQHandler
                0x08000314                USART3_USART4_USART5_USART6_LPUART1_IRQHandler
                0x08000314                FLASH_IRQHandler
                0x08000314                USART1_IRQHandler
                0x08000314                TIM1_BRK_UP_TRG_COM_IRQHandler
                0x08000314                UCPD1_UCPD2_USB_IRQHandler
 *(.glue_7)
 .glue_7        0x08000316        0x0 linker stubs
 *(.glue_7t)
 .glue_7t       0x08000316        0x0 linker stubs
 *(.eh_frame)
 *fill*         0x08000316        0x2 
 .eh_frame      0x08000318        0x0 C:/D/Tools/ARM_dev_tools/arm-gnu-toolchain/bin/../lib/gcc/arm-none-eabi/13.2.1/thumb/v6-m/nofp/crtbegin.o
 *(.init)
 .init          0x08000318        0x4 C:/D/Tools/ARM_dev_tools/arm-gnu-toolchain/bin/../lib/gcc/arm-none-eabi/13.2.1/thumb/v6-m/nofp/crti.o
                0x08000318                _init
 .init          0x0800031c        0x8 C:/D/Tools/ARM_dev_tools/arm-gnu-toolchain/bin/../lib/gcc/arm-none-eabi/13.2.1/thumb/v6-m/nofp/crtn.o
 *(.fini)
 .fini          0x08000324        0x4 C:/D/Tools/ARM_dev_tools/arm-gnu-toolchain/bin/../lib/gcc/arm-none-eabi/13.2.1/thumb/v6-m/nofp/crti.o
                0x08000324                _fini
 .fini          0x08000328        0x8 C:/D/Tools/ARM_dev_tools/arm-gnu-toolchain/bin/../lib/gcc/arm-none-eabi/13.2.1/thumb/v6-m/nofp/crtn.o
                0x08000330                        . = ALIGN (0x4)
                0x08000330                        _etext = .

.vfp11_veneer   0x08000330        0x0
 .vfp11_veneer  0x08000330        0x0 linker stubs

.v4_bx          0x08000330        0x0
 .v4_bx         0x08000330        0x0 linker stubs

.iplt           0x08000330        0x0
 .iplt          0x08000330        0x0 C:/D/Tools/ARM_dev_tools/arm-gnu-toolchain/bin/../lib/gcc/arm-none-eabi/13.2.1/thumb/v6-m/nofp/crtbegin.o

.rodata         0x08000330        0x0
                0x08000330                        . = ALIGN (0x4)
 *(.rodata)
 *(.rodata*)
                0x08000330                        . = ALIGN (0x4)

.ARM.extab      0x08000330        0x0
                0x08000330                        . = ALIGN (0x4)
 *(.ARM.extab* .gnu.linkonce.armextab.*)
                0x08000330                        . = ALIGN (0x4)

.ARM            0x08000330        0x0
                0x08000330                        . = ALIGN (0x4)
                0x08000330                        __exidx_start = .
 *(.ARM.exidx*)
                0x08000330                        __exidx_end = .
                0x08000330                        . = ALIGN (0x4)

.preinit_array  0x08000330        0x0
                0x08000330                        . = ALIGN (0x4)
                0x08000330                        PROVIDE (__preinit_array_start = .)
 *(.preinit_array*)
                0x08000330                        PROVIDE (__preinit_array_end = .)
                0x08000330                        . = ALIGN (0x4)

.init_array     0x08000330        0x4
                0x08000330                        . = ALIGN (0x4)
                0x08000330                        PROVIDE (__init_array_start = .)
 *(SORT_BY_NAME(.init_array.*))
 *(.init_array*)
 .init_array    0x08000330        0x4 C:/D/Tools/ARM_dev_tools/arm-gnu-toolchain/bin/../lib/gcc/arm-none-eabi/13.2.1/thumb/v6-m/nofp/crtbegin.o
                0x08000334                        PROVIDE (__init_array_end = .)
                0x08000334                        . = ALIGN (0x4)

.fini_array     0x08000334        0x4
                0x08000334                        . = ALIGN (0x4)
                [!provide]                        PROVIDE (__fini_array_start = .)
 *(SORT_BY_NAME(.fini_array.*))
 *(.fini_array*)
 .fini_array    0x08000334        0x4 C:/D/Tools/ARM_dev_tools/arm-gnu-toolchain/bin/../lib/gcc/arm-none-eabi/13.2.1/thumb/v6-m/nofp/crtbegin.o
                [!provide]                        PROVIDE (__fini_array_end = .)
                0x08000338                        . = ALIGN (0x4)
                0x08000338                        _sidata = LOADADDR (.data)

.rel.dyn        0x08000338        0x0
 .rel.iplt      0x08000338        0x0 C:/D/Tools/ARM_dev_tools/arm-gnu-toolchain/bin/../lib/gcc/arm-none-eabi/13.2.1/thumb/v6-m/nofp/crtbegin.o

.data           0x20000000        0x0 load address 0x08000338
                0x20000000                        . = ALIGN (0x4)
                0x20000000                        _sdata = .
 *(.data)
 *(.data*)
 *(.RamFunc)
 *(.RamFunc*)
                0x20000000                        . = ALIGN (0x4)
                0x20000000                        _edata = .

.tm_clone_table
                0x20000000        0x0 load address 0x08000338
 .tm_clone_table
                0x20000000        0x0 C:/D/Tools/ARM_dev_tools/arm-gnu-toolchain/bin/../lib/gcc/arm-none-eabi/13.2.1/thumb/v6-m/nofp/crtbegin.o
 .tm_clone_table
                0x20000000        0x0 C:/D/Tools/ARM_dev_tools/arm-gnu-toolchain/bin/../lib/gcc/arm-none-eabi/13.2.1/thumb/v6-m/nofp/crtend.o

.igot.plt       0x20000000        0x0 load address 0x08000338
 .igot.plt      0x20000000        0x0 C:/D/Tools/ARM_dev_tools/arm-gnu-toolchain/bin/../lib/gcc/arm-none-eabi/13.2.1/thumb/v6-m/nofp/crtbegin.o
                0x20000000                        . = ALIGN (0x4)

.bss            0x20000000       0x1c load address 0x08000338
                0x20000000                        _sbss = .
                0x20000000                        __bss_start__ = _sbss
 *(.bss)
 *(.bss*)
 .bss.completed.1
                0x20000000        0x1 C:/D/Tools/ARM_dev_tools/arm-gnu-toolchain/bin/../lib/gcc/arm-none-eabi/13.2.1/thumb/v6-m/nofp/crtbegin.o
 *fill*         0x20000001        0x3 
 .bss.object.0  0x20000004       0x18 C:/D/Tools/ARM_dev_tools/arm-gnu-toolchain/bin/../lib/gcc/arm-none-eabi/13.2.1/thumb/v6-m/nofp/crtbegin.o
 *(COMMON)
                0x2000001c                        . = ALIGN (0x4)
                0x2000001c                        _ebss = .
                0x2000001c                        __bss_end__ = _ebss

._user_heap_stack
                0x2000001c      0x604 load address 0x08000338
                0x20000020                        . = ALIGN (0x8)
 *fill*         0x2000001c        0x4 
                [!provide]                        PROVIDE (end = .)
                [!provide]                        PROVIDE (_end = .)
                0x20000220                        . = (. + _Min_Heap_Size)
 *fill*         0x20000020      0x200 
                0x20000620                        . = (. + _Min_Stack_Size)
 *fill*         0x20000220      0x400 
                0x20000620                        . = ALIGN (0x8)

/DISCARD/
 libc.a(*)
 libm.a(*)
 libgcc.a(*)

.ARM.attributes
                0x00000000       0x28
 *(.ARM.attributes)
 .ARM.attributes
                0x00000000       0x1e C:/D/Tools/ARM_dev_tools/arm-gnu-toolchain/bin/../lib/gcc/arm-none-eabi/13.2.1/thumb/v6-m/nofp/crti.o
 .ARM.attributes
                0x0000001e       0x2c C:/D/Tools/ARM_dev_tools/arm-gnu-toolchain/bin/../lib/gcc/arm-none-eabi/13.2.1/thumb/v6-m/nofp/crtbegin.o
 .ARM.attributes
                0x0000004a       0x2c C:/D/Tools/ARM_dev_tools/arm-gnu-toolchain/bin/../lib/gcc/arm-none-eabi/13.2.1/thumb/v6-m/nofp\libc_nano.a(libc_a-init.o)
 .ARM.attributes
                0x00000076       0x2c CMakeFiles/template.dir/Src/main.c.obj
 .ARM.attributes
                0x000000a2       0x2c CMakeFiles/template.dir/Src/led.c.obj
 .ARM.attributes
                0x000000ce       0x22 CMakeFiles/template.dir/startup_stm32g0b1retx.s.obj
 .ARM.attributes
                0x000000f0       0x2c C:/D/Tools/ARM_dev_tools/arm-gnu-toolchain/bin/../lib/gcc/arm-none-eabi/13.2.1/thumb/v6-m/nofp/crtend.o
 .ARM.attributes
                0x0000011c       0x1e C:/D/Tools/ARM_dev_tools/arm-gnu-toolchain/bin/../lib/gcc/arm-none-eabi/13.2.1/thumb/v6-m/nofp/crtn.o
OUTPUT(template.elf elf32-littlearm)
LOAD linker stubs
LOAD C:/D/Tools/ARM_dev_tools/arm-gnu-toolchain/bin/../lib/gcc/arm-none-eabi/13.2.1/thumb/v6-m/nofp\libc.a
LOAD C:/D/Tools/ARM_dev_tools/arm-gnu-toolchain/bin/../lib/gcc/arm-none-eabi/13.2.1/thumb/v6-m/nofp\libm.a
LOAD C:/D/Tools/ARM_dev_tools/arm-gnu-toolchain/bin/../lib/gcc/arm-none-eabi/13.2.1/thumb/v6-m/nofp\libgcc.a

.debug_frame    0x00000000       0xe0
 .debug_frame   0x00000000       0x2c C:/D/Tools/ARM_dev_tools/arm-gnu-toolchain/bin/../lib/gcc/arm-none-eabi/13.2.1/thumb/v6-m/nofp\libc_nano.a(libc_a-init.o)
 .debug_frame   0x0000002c       0x50 CMakeFiles/template.dir/Src/main.c.obj
 .debug_frame   0x0000007c       0x64 CMakeFiles/template.dir/Src/led.c.obj

.debug_info     0x00000000      0x43c
 .debug_info    0x00000000      0x16e CMakeFiles/template.dir/Src/main.c.obj
 .debug_info    0x0000016e      0x29e CMakeFiles/template.dir/Src/led.c.obj
 .debug_info    0x0000040c       0x30 CMakeFiles/template.dir/startup_stm32g0b1retx.s.obj

.debug_abbrev   0x00000000      0x1a0
 .debug_abbrev  0x00000000       0xc5 CMakeFiles/template.dir/Src/main.c.obj
 .debug_abbrev  0x000000c5       0xb7 CMakeFiles/template.dir/Src/led.c.obj
 .debug_abbrev  0x0000017c       0x24 CMakeFiles/template.dir/startup_stm32g0b1retx.s.obj

.debug_aranges  0x00000000       0x80
 .debug_aranges
                0x00000000       0x28 CMakeFiles/template.dir/Src/main.c.obj
 .debug_aranges
                0x00000028       0x30 CMakeFiles/template.dir/Src/led.c.obj
 .debug_aranges
                0x00000058       0x28 CMakeFiles/template.dir/startup_stm32g0b1retx.s.obj

.debug_rnglists
                0x00000000       0x52
 .debug_rnglists
                0x00000000       0x1a CMakeFiles/template.dir/Src/main.c.obj
 .debug_rnglists
                0x0000001a       0x1f CMakeFiles/template.dir/Src/led.c.obj
 .debug_rnglists
                0x00000039       0x19 CMakeFiles/template.dir/startup_stm32g0b1retx.s.obj

.debug_macro    0x00000000    0x10b75
 .debug_macro   0x00000000       0xbf CMakeFiles/template.dir/Src/main.c.obj
 .debug_macro   0x000000bf      0xa9c CMakeFiles/template.dir/Src/main.c.obj
 .debug_macro   0x00000b5b       0x22 CMakeFiles/template.dir/Src/main.c.obj
 .debug_macro   0x00000b7d       0x8e CMakeFiles/template.dir/Src/main.c.obj
 .debug_macro   0x00000c0b       0x51 CMakeFiles/template.dir/Src/main.c.obj
 .debug_macro   0x00000c5c      0x103 CMakeFiles/template.dir/Src/main.c.obj
 .debug_macro   0x00000d5f       0x6a CMakeFiles/template.dir/Src/main.c.obj
 .debug_macro   0x00000dc9      0x1df CMakeFiles/template.dir/Src/main.c.obj
 .debug_macro   0x00000fa8       0x28 CMakeFiles/template.dir/Src/main.c.obj
 .debug_macro   0x00000fd0       0x1c CMakeFiles/template.dir/Src/main.c.obj
 .debug_macro   0x00000fec       0x22 CMakeFiles/template.dir/Src/main.c.obj
 .debug_macro   0x0000100e       0xd1 CMakeFiles/template.dir/Src/main.c.obj
 .debug_macro   0x000010df      0x4da CMakeFiles/template.dir/Src/main.c.obj
 .debug_macro   0x000015b9      0x11f CMakeFiles/template.dir/Src/main.c.obj
 .debug_macro   0x000016d8     0xf3de CMakeFiles/template.dir/Src/main.c.obj
 .debug_macro   0x00010ab6       0xbf CMakeFiles/template.dir/Src/led.c.obj

.debug_line     0x00000000      0x777
 .debug_line    0x00000000      0x3ac CMakeFiles/template.dir/Src/main.c.obj
 .debug_line    0x000003ac      0x350 CMakeFiles/template.dir/Src/led.c.obj
 .debug_line    0x000006fc       0x7b CMakeFiles/template.dir/startup_stm32g0b1retx.s.obj

.debug_str      0x00000000    0x5f011
 .debug_str     0x00000000    0x5f011 CMakeFiles/template.dir/Src/main.c.obj
                              0x5f03e (size before relaxing)
 .debug_str     0x0005f011    0x5f103 CMakeFiles/template.dir/Src/led.c.obj
 .debug_str     0x0005f011       0x88 CMakeFiles/template.dir/startup_stm32g0b1retx.s.obj

.comment        0x00000000       0x44
 .comment       0x00000000       0x44 CMakeFiles/template.dir/Src/main.c.obj
                                 0x45 (size before relaxing)
 .comment       0x00000044       0x45 CMakeFiles/template.dir/Src/led.c.obj

.debug_line_str
                0x00000000       0x6c
 .debug_line_str
                0x00000000       0x6c CMakeFiles/template.dir/startup_stm32g0b1retx.s.obj
